// Jest Snapshot v1, https://goo.gl/fbAQLP

exports[`Tooltip Component error tooltip matches snapshot 1`] = `
"titre
Corps de text
"
`;

exports[`Tooltip Component error tooltip matches snapshot 2`] = `
<RNCSafeAreaProvider
  style={
    {
      "flex": 1,
    }
  }
>
  <View
    accessibilityRole="text"
    accessible={true}
    style={
      {
        "alignItems": "center",
        "backgroundColor": "#FDE6EE",
        "flex": 1,
        "flexDirection": "row",
        "padding": 16,
      }
    }
  >
    <RNSVGSvgView
      align="xMidYMid"
      bbHeight="24"
      bbWidth="24"
      fill="none"
      focusable={false}
      height={24}
      meetOrSlice={0}
      minX={0}
      minY={0}
      style={
        {
          "backgroundColor": "transparent",
          "borderWidth": 0,
          "flex": 0,
          "height": 24,
          "width": 24,
        }
      }
      testID="error-icon"
      vbHeight={24}
      vbWidth={24}
      width={24}
    >
      <RNSVGGroup
        fill={null}
        propList={
          [
            "fill",
          ]
        }
      >
        <RNSVGPath
          d="M12.0005 15C11.8027 15 11.6093 15.0587 11.4449 15.1686C11.2804 15.2784 11.1523 15.4346 11.0766 15.6173C11.0009 15.8001 10.9811 16.0011 11.0197 16.1951C11.0583 16.3891 11.1535 16.5673 11.2933 16.7071C11.4332 16.847 11.6114 16.9422 11.8054 16.9808C11.9993 17.0194 12.2004 16.9996 12.3831 16.9239C12.5659 16.8482 12.722 16.72 12.8319 16.5556C12.9418 16.3911 13.0005 16.1978 13.0005 16C13.0005 15.7348 12.8951 15.4805 12.7076 15.2929C12.52 15.1054 12.2657 15 12.0005 15ZM22.6705 16.47L14.6205 2.47003C14.3603 2.00354 13.9802 1.61498 13.5196 1.3445C13.0591 1.07401 12.5346 0.931396 12.0005 0.931396C11.4663 0.931396 10.9419 1.07401 10.4813 1.3445C10.0207 1.61498 9.64065 2.00354 9.38046 2.47003L1.38046 16.47C1.11125 16.924 0.966598 17.441 0.9611 17.9688C0.955602 18.4966 1.08945 19.0166 1.34914 19.4761C1.60883 19.9356 1.98516 20.3185 2.44014 20.5861C2.89512 20.8536 3.41264 20.9964 3.94046 21H20.0605C20.5925 21.0053 21.1164 20.8689 21.5784 20.6049C22.0403 20.341 22.4238 19.9589 22.6894 19.4978C22.9551 19.0368 23.0933 18.5134 23.09 17.9814C23.0866 17.4493 22.9418 16.9277 22.6705 16.47ZM20.9405 18.47C20.8528 18.626 20.7249 18.7556 20.5701 18.8453C20.4154 18.935 20.2393 18.9815 20.0605 18.98H3.94046C3.76157 18.9815 3.58556 18.935 3.43077 18.8453C3.27599 18.7556 3.14811 18.626 3.06046 18.47C2.97269 18.318 2.92648 18.1456 2.92648 17.97C2.92648 17.7945 2.97269 17.622 3.06046 17.47L11.0605 3.47003C11.1444 3.30623 11.2719 3.16876 11.4289 3.07277C11.5859 2.97678 11.7664 2.92599 11.9505 2.92599C12.1345 2.92599 12.315 2.97678 12.472 3.07277C12.629 3.16876 12.7565 3.30623 12.8405 3.47003L20.8905 17.47C20.9897 17.6199 21.0467 17.7937 21.0555 17.9732C21.0643 18.1527 21.0245 18.3312 20.9405 18.49V18.47ZM12.0005 7.00003C11.7352 7.00003 11.4809 7.10538 11.2933 7.29292C11.1058 7.48046 11.0005 7.73481 11.0005 8.00003V12C11.0005 12.2652 11.1058 12.5196 11.2933 12.7071C11.4809 12.8947 11.7352 13 12.0005 13C12.2657 13 12.52 12.8947 12.7076 12.7071C12.8951 12.5196 13.0005 12.2652 13.0005 12V8.00003C13.0005 7.73481 12.8951 7.48046 12.7076 7.29292C12.52 7.10538 12.2657 7.00003 12.0005 7.00003Z"
          fill={
            {
              "payload": 4278190080,
              "type": 0,
            }
          }
          propList={
            [
              "fill",
            ]
          }
        />
      </RNSVGGroup>
    </RNSVGSvgView>
    <View
      style={
        {
          "flex": 1,
          "flexDirection": "column",
          "paddingLeft": 8,
        }
      }
    >
      <Text
        numberOfLines={0}
        style={
          {
            "color": "#000000",
            "fontFamily": "OpenSans-Bold",
            "fontSize": 16,
            "lineHeight": 24,
            "textDecorationLine": "none",
          }
        }
      >
        titre
      </Text>
      <Text
        numberOfLines={0}
        style={
          {
            "color": "#000000",
            "fontFamily": "OpenSans-Regular",
            "fontSize": 14,
            "lineHeight": 21,
            "textDecorationLine": "none",
          }
        }
      >
        Corps de text
      </Text>
    </View>
  </View>
</RNCSafeAreaProvider>
`;

exports[`Tooltip Component info tooltip matches snapshot 1`] = `
"titre
Corps de text
"
`;

exports[`Tooltip Component info tooltip matches snapshot 2`] = `
<RNCSafeAreaProvider
  style={
    {
      "flex": 1,
    }
  }
>
  <View
    accessibilityRole="text"
    accessible={true}
    style={
      {
        "alignItems": "center",
        "backgroundColor": "#F2F2F2",
        "flex": 1,
        "flexDirection": "row",
        "padding": 16,
      }
    }
  >
    <RNSVGSvgView
      align="xMidYMid"
      bbHeight="24"
      bbWidth="24"
      fill="none"
      focusable={false}
      height={24}
      meetOrSlice={0}
      minX={0}
      minY={0}
      style={
        {
          "backgroundColor": "transparent",
          "borderWidth": 0,
          "flex": 0,
          "height": 24,
          "width": 24,
        }
      }
      vbHeight={24}
      vbWidth={24}
      width={24}
    >
      <RNSVGGroup
        fill={null}
        propList={
          [
            "fill",
          ]
        }
      >
        <RNSVGPath
          d="M12 11C11.7348 11 11.4804 11.1054 11.2929 11.2929C11.1054 11.4804 11 11.7348 11 12V16C11 16.2652 11.1054 16.5196 11.2929 16.7071C11.4804 16.8946 11.7348 17 12 17C12.2652 17 12.5196 16.8946 12.7071 16.7071C12.8946 16.5196 13 16.2652 13 16V12C13 11.7348 12.8946 11.4804 12.7071 11.2929C12.5196 11.1054 12.2652 11 12 11ZM12.38 7.08C12.1365 6.97998 11.8635 6.97998 11.62 7.08C11.4973 7.12759 11.3851 7.19896 11.29 7.29C11.2017 7.3872 11.1306 7.49882 11.08 7.62C11.024 7.73868 10.9966 7.86882 11 8C10.9992 8.13161 11.0245 8.26207 11.0742 8.38391C11.124 8.50574 11.1973 8.61656 11.29 8.71C11.3872 8.79833 11.4988 8.86936 11.62 8.92C11.7715 8.98224 11.936 9.00632 12.099 8.99011C12.2619 8.97391 12.4184 8.91792 12.5547 8.82707C12.691 8.73622 12.8029 8.61328 12.8805 8.46907C12.9582 8.32486 12.9992 8.16378 13 8C12.9963 7.73523 12.8927 7.48163 12.71 7.29C12.6149 7.19896 12.5028 7.12759 12.38 7.08ZM12 2C10.0222 2 8.08879 2.58649 6.4443 3.6853C4.79981 4.78412 3.51809 6.3459 2.76121 8.17317C2.00433 10.0004 1.8063 12.0111 2.19215 13.9509C2.578 15.8907 3.53041 17.6725 4.92894 19.0711C6.32746 20.4696 8.10929 21.422 10.0491 21.8079C11.9889 22.1937 13.9996 21.9957 15.8268 21.2388C17.6541 20.4819 19.2159 19.2002 20.3147 17.5557C21.4135 15.9112 22 13.9778 22 12C22 10.6868 21.7413 9.38642 21.2388 8.17317C20.7363 6.95991 19.9997 5.85752 19.0711 4.92893C18.1425 4.00035 17.0401 3.26375 15.8268 2.7612C14.6136 2.25866 13.3132 2 12 2ZM12 20C10.4178 20 8.87104 19.5308 7.55544 18.6518C6.23985 17.7727 5.21447 16.5233 4.60897 15.0615C4.00347 13.5997 3.84504 11.9911 4.15372 10.4393C4.4624 8.88743 5.22433 7.46197 6.34315 6.34315C7.46197 5.22433 8.88743 4.4624 10.4393 4.15372C11.9911 3.84504 13.5997 4.00346 15.0615 4.60896C16.5233 5.21447 17.7727 6.23984 18.6518 7.55544C19.5308 8.87103 20 10.4177 20 12C20 14.1217 19.1572 16.1566 17.6569 17.6569C16.1566 19.1571 14.1217 20 12 20Z"
          fill={
            {
              "payload": 4278190080,
              "type": 0,
            }
          }
          propList={
            [
              "fill",
            ]
          }
        />
      </RNSVGGroup>
    </RNSVGSvgView>
    <View
      style={
        {
          "flex": 1,
          "flexDirection": "column",
          "paddingLeft": 8,
        }
      }
    >
      <Text
        numberOfLines={0}
        style={
          {
            "color": "#000000",
            "fontFamily": "OpenSans-Bold",
            "fontSize": 16,
            "lineHeight": 24,
            "textDecorationLine": "none",
          }
        }
      >
        titre
      </Text>
      <Text
        numberOfLines={0}
        style={
          {
            "color": "#000000",
            "fontFamily": "OpenSans-Regular",
            "fontSize": 14,
            "lineHeight": 21,
            "textDecorationLine": "none",
          }
        }
      >
        Corps de text
      </Text>
    </View>
  </View>
</RNCSafeAreaProvider>
`;

exports[`Tooltip Component success tooltip matches snapshot 1`] = `
"titre
Corps de text
"
`;

exports[`Tooltip Component success tooltip matches snapshot 2`] = `
<RNCSafeAreaProvider
  style={
    {
      "flex": 1,
    }
  }
>
  <View
    accessibilityRole="text"
    accessible={true}
    style={
      {
        "alignItems": "center",
        "backgroundColor": "#EBFBF1",
        "flex": 1,
        "flexDirection": "row",
        "padding": 16,
      }
    }
  >
    <RNSVGSvgView
      align="xMidYMid"
      bbHeight="24"
      bbWidth="24"
      fill="none"
      focusable={false}
      height={24}
      meetOrSlice={0}
      minX={0}
      minY={0}
      style={
        {
          "backgroundColor": "transparent",
          "borderWidth": 0,
          "flex": 0,
          "height": 24,
          "width": 24,
        }
      }
      vbHeight={24}
      vbWidth={24}
      width={24}
    >
      <RNSVGGroup
        fill={null}
        propList={
          [
            "fill",
          ]
        }
      >
        <RNSVGPath
          d="M18.7104 7.20998C18.6175 7.11625 18.5069 7.04186 18.385 6.99109C18.2632 6.94032 18.1324 6.91418 18.0004 6.91418C17.8684 6.91418 17.7377 6.94032 17.6159 6.99109C17.494 7.04186 17.3834 7.11625 17.2904 7.20998L9.84044 14.67L6.71044 11.53C6.61392 11.4367 6.49998 11.3634 6.37512 11.3142C6.25026 11.265 6.11694 11.2409 5.98276 11.2432C5.84858 11.2455 5.71617 11.2743 5.59309 11.3278C5.47001 11.3812 5.35868 11.4585 5.26544 11.555C5.1722 11.6515 5.09889 11.7654 5.04968 11.8903C5.00048 12.0152 4.97635 12.1485 4.97867 12.2827C4.98099 12.4168 5.00972 12.5493 5.06321 12.6723C5.1167 12.7954 5.19392 12.9067 5.29044 13L9.13044 16.84C9.2234 16.9337 9.334 17.0081 9.45586 17.0589C9.57772 17.1096 9.70843 17.1358 9.84044 17.1358C9.97245 17.1358 10.1032 17.1096 10.225 17.0589C10.3469 17.0081 10.4575 16.9337 10.5504 16.84L18.7104 8.67998C18.8119 8.58634 18.893 8.47269 18.9484 8.34619C19.0038 8.21969 19.0324 8.08308 19.0324 7.94498C19.0324 7.80688 19.0038 7.67028 18.9484 7.54378C18.893 7.41728 18.8119 7.30363 18.7104 7.20998V7.20998Z"
          fill={
            {
              "payload": 4278190080,
              "type": 0,
            }
          }
          propList={
            [
              "fill",
            ]
          }
        />
      </RNSVGGroup>
    </RNSVGSvgView>
    <View
      style={
        {
          "flex": 1,
          "flexDirection": "column",
          "paddingLeft": 8,
        }
      }
    >
      <Text
        numberOfLines={0}
        style={
          {
            "color": "#000000",
            "fontFamily": "OpenSans-Bold",
            "fontSize": 16,
            "lineHeight": 24,
            "textDecorationLine": "none",
          }
        }
      >
        titre
      </Text>
      <Text
        numberOfLines={0}
        style={
          {
            "color": "#000000",
            "fontFamily": "OpenSans-Regular",
            "fontSize": 14,
            "lineHeight": 21,
            "textDecorationLine": "none",
          }
        }
      >
        Corps de text
      </Text>
    </View>
  </View>
</RNCSafeAreaProvider>
`;

exports[`Tooltip Component warning tooltip matches snapshot 1`] = `
"titre
Corps de text
"
`;

exports[`Tooltip Component warning tooltip matches snapshot 2`] = `
<RNCSafeAreaProvider
  style={
    {
      "flex": 1,
    }
  }
>
  <View
    accessibilityRole="text"
    accessible={true}
    style={
      {
        "alignItems": "center",
        "backgroundColor": "#FFFAE5",
        "flex": 1,
        "flexDirection": "row",
        "padding": 16,
      }
    }
  >
    <RNSVGSvgView
      align="xMidYMid"
      bbHeight="24"
      bbWidth="24"
      fill="none"
      focusable={false}
      height={24}
      meetOrSlice={0}
      minX={0}
      minY={0}
      style={
        {
          "backgroundColor": "transparent",
          "borderWidth": 0,
          "flex": 0,
          "height": 24,
          "width": 24,
        }
      }
      vbHeight={24}
      vbWidth={24}
      width={24}
    >
      <RNSVGGroup
        fill={null}
        propList={
          [
            "fill",
          ]
        }
      >
        <RNSVGPath
          d="M12 7C11.7348 7 11.4804 7.10536 11.2929 7.29289C11.1054 7.48043 11 7.73478 11 8V12C11 12.2652 11.1054 12.5196 11.2929 12.7071C11.4804 12.8946 11.7348 13 12 13C12.2652 13 12.5196 12.8946 12.7071 12.7071C12.8946 12.5196 13 12.2652 13 12V8C13 7.73478 12.8946 7.48043 12.7071 7.29289C12.5196 7.10536 12.2652 7 12 7ZM12.92 15.62C12.8981 15.5563 12.8679 15.4957 12.83 15.44L12.71 15.29C12.5694 15.1512 12.3908 15.0572 12.1968 15.0199C12.0028 14.9825 11.8021 15.0034 11.62 15.08C11.4988 15.1306 11.3872 15.2017 11.29 15.29C11.1973 15.3834 11.124 15.4943 11.0742 15.6161C11.0245 15.7379 10.9992 15.8684 11 16C11.0016 16.1307 11.0288 16.2598 11.08 16.38C11.1249 16.5041 11.1966 16.6168 11.2899 16.7101C11.3832 16.8034 11.4959 16.8751 11.62 16.92C11.7397 16.9729 11.8691 17.0002 12 17.0002C12.1309 17.0002 12.2603 16.9729 12.38 16.92C12.5041 16.8751 12.6168 16.8034 12.7101 16.7101C12.8034 16.6168 12.8751 16.5041 12.92 16.38C12.9712 16.2598 12.9984 16.1307 13 16C13.0049 15.9334 13.0049 15.8666 13 15.8C12.9828 15.7362 12.9558 15.6755 12.92 15.62ZM12 2C10.0222 2 8.08879 2.58649 6.4443 3.6853C4.79981 4.78412 3.51809 6.3459 2.76121 8.17317C2.00433 10.0004 1.8063 12.0111 2.19215 13.9509C2.578 15.8907 3.53041 17.6725 4.92894 19.0711C6.32746 20.4696 8.10929 21.422 10.0491 21.8079C11.9889 22.1937 13.9996 21.9957 15.8268 21.2388C17.6541 20.4819 19.2159 19.2002 20.3147 17.5557C21.4135 15.9112 22 13.9778 22 12C22 10.6868 21.7413 9.38642 21.2388 8.17317C20.7363 6.95991 19.9997 5.85752 19.0711 4.92893C18.1425 4.00035 17.0401 3.26375 15.8268 2.7612C14.6136 2.25866 13.3132 2 12 2ZM12 20C10.4178 20 8.87104 19.5308 7.55544 18.6518C6.23985 17.7727 5.21447 16.5233 4.60897 15.0615C4.00347 13.5997 3.84504 11.9911 4.15372 10.4393C4.4624 8.88743 5.22433 7.46197 6.34315 6.34315C7.46197 5.22433 8.88743 4.4624 10.4393 4.15372C11.9911 3.84504 13.5997 4.00346 15.0615 4.60896C16.5233 5.21447 17.7727 6.23984 18.6518 7.55544C19.5308 8.87103 20 10.4177 20 12C20 14.1217 19.1572 16.1566 17.6569 17.6569C16.1566 19.1571 14.1217 20 12 20Z"
          fill={
            {
              "payload": 4278190080,
              "type": 0,
            }
          }
          propList={
            [
              "fill",
            ]
          }
        />
      </RNSVGGroup>
    </RNSVGSvgView>
    <View
      style={
        {
          "flex": 1,
          "flexDirection": "column",
          "paddingLeft": 8,
        }
      }
    >
      <Text
        numberOfLines={0}
        style={
          {
            "color": "#000000",
            "fontFamily": "OpenSans-Bold",
            "fontSize": 16,
            "lineHeight": 24,
            "textDecorationLine": "none",
          }
        }
      >
        titre
      </Text>
      <Text
        numberOfLines={0}
        style={
          {
            "color": "#000000",
            "fontFamily": "OpenSans-Regular",
            "fontSize": 14,
            "lineHeight": 21,
            "textDecorationLine": "none",
          }
        }
      >
        Corps de text
      </Text>
    </View>
  </View>
</RNCSafeAreaProvider>
`;
